// Jest Snapshot v1, https://goo.gl/fbAQLP

exports[`Show Details component Matches the snapshot 1`] = `
<div>
  <h1>
    Welcome!
  </h1>
  <p>
    This app uses nested routes to display data for all the Countries around the World.
  </p>
  <p>
    To begin, click the "Regions" link.
  </p>
  <p>
    Or you can browse through "All Countries".
  </p>
</div>
`;
